Inserting data...
